// Jest Snapshot v1, https://goo.gl/fbAQLP

exports[`ForecastSummaries renders correctly 1`] = `
<DocumentFragment>
  <div
    class="forecast-summaries"
  >
    <div
      class="forecastSummary"
      data-testid="forecast-summary"
    >
      <div
        class="forecast-summary__date"
      >
        Thu 1st Jan
      </div>
      <div
        class="forecast-summary__icon"
        data-testid="forecast-icon"
      >
        <i
          class="wi wi-day-sunny"
          name="owm"
        />
      </div>
      <div
        class="forecast-summary__temperature"
      >
        22°C
      </div>
      <div
        class="forecast-summary__description"
      >
        stub description 1
      </div>
      <button
        type="button"
      >
        More details
      </button>
    </div>
    <div
      class="forecastSummary"
      data-testid="forecast-summary"
    >
      <div
        class="forecast-summary__date"
      >
        Thu 1st Jan
      </div>
      <div
        class="forecast-summary__icon"
        data-testid="forecast-icon"
      >
        <i
          class="wi wi-day-thunderstorm"
          name="owm"
        />
      </div>
      <div
        class="forecast-summary__temperature"
      >
        24°C
      </div>
      <div
        class="forecast-summary__description"
      >
        stub description 2
      </div>
      <button
        type="button"
      >
        More details
      </button>
    </div>
  </div>
</DocumentFragment>
`;
